prostate cancer
adenocarcinoma of prostate
spiradenocylindroma of the kidney
spiradenocylindroma
pleomorphic myxoid liposarcoma
spindle cell myxoid liposarcoma 
matrix producing carcinoma of breast
matrix producing carcinoma of the breast
matrix-producing carcinoma of breast
matrix-producing carcinoma of the breast
serous tubal intraepithelial carcinoma
seedling myoma
flat epithelial atypia - dini
flat epithelial atypia
flat epithelial atypia of breast
din i
dini
dini of breast
precancer - flat epithelial atypia
fea - flat epithelial atypia
fea
calcifying nested stromal epithelial tumor of the liver
nut midline carcinoma
nut midline carcinoma of lung
nut midline carcinoma of the lung
pulmonary nut midline carcinoma
mucosal schwann cell hamartoma 
schwann cell hamartoma 
matrix-producing carcinoma of the breast an aggressive subtype of metaplastic carcinoma
matrix-producing carcinoma of the breast
early onset carcinoma
early-onset carcinoma
early onset tumor
early-onset tumour
early onset cancer
early-onset neoplasm
early-onset neoplasia
tubulocystic carcinoma of the kidney rare subtype of renal cell carcinoma
tubulocystic carcinoma of the kidney
tubulocystic renal carcinoma
renal tubulocystic carcinoma
Carcinoma of the collecting ducts of Bellini of the kidney
collecting (Bellini) duct carcinoma
bellini collecting duct carcinoma
carcinoma of the bellini collecting duct
renal collecting duct carcinoma
Papillary/clear cell rcc
Cromophobic/clear cell rcc
Sarcomatoid/clear cell rcc
Bellini/clear cell rcc
primary extrapulmonary sugar tumor
pest - primary extrapulmonary sugar tumor
pest
adenocarcinoma of the prostate
Uterine Tumors Resembling Ovarian Sex Cord Tumors (UTROSCT) Lack the JAZF1-JJAZ1 Translocation Frequently Seen in Endometrial Stromal Tumors
